// Jest Snapshot v1, https://goo.gl/fbAQLP

exports[`should render WelcomePage correctly 1`] = `
<div
  className="page"
>
  <_default />
  <div
    className="content"
  >
    <div>
      <h1
        className="title"
      >
        Time to take back control
      </h1>
      <div
        className="buttonGroup"
      >
        <Link
          className="button"
          replace={false}
          to="/login"
        >
          Login
        </Link>
        <Link
          className="button"
          replace={false}
          to="/register"
        >
          Register
        </Link>
      </div>
    </div>
  </div>
</div>
`;
