// Jest Snapshot v1, https://goo.gl/fbAQLP

exports[`should render TodoDashboard correctly 1`] = `
<div
  className="content"
>
  <Header />
  <div
    className="wrapper"
  >
    <div>
      <h1>
        Your Todos
      </h1>
      <button
        onClick={[Function]}
      >
        Logout
      </button>
    </div>
    <AddTodo
      onChange={[Function]}
      onSubmit={[Function]}
      todoToAdd=""
    />
    <_default
      onToggle={[Function]}
      removeTodo={[Function]}
      todos={Array []}
    />
  </div>
</div>
`;
